// Jest Snapshot v1, https://goo.gl/fbAQLP

exports[`chart-config builds deterministic cluster chart configs 1`] = `
Array [
  Object {
    "config": Object {
      "data": Object {
        "datasets": Array [
          Object {
            "backgroundColor": "#3fb950",
            "data": Array [
              0,
              55,
              0,
            ],
            "label": "passed",
          },
          Object {
            "backgroundColor": "#f85149",
            "data": Array [
              0,
              301,
              0,
            ],
            "label": "failed",
          },
          Object {
            "backgroundColor": "#d29922",
            "data": Array [
              601,
              0,
              0,
            ],
            "label": "errors",
          },
          Object {
            "backgroundColor": "#8b949e",
            "data": Array [
              0,
              0,
              60,
            ],
            "label": "skipped",
          },
        ],
        "labels": Array [
          "Network",
          "VM",
          "Disk",
        ],
      },
      "options": Object {
        "animation": false,
        "indexAxis": "y",
        "plugins": Object {
          "legend": Object {
            "display": true,
          },
          "title": Object {
            "display": true,
            "text": "Overall durations for Describes",
          },
          "valueLabels": Object {
            "formatter": [Function],
          },
        },
        "responsive": false,
        "scales": Object {
          "x": Object {
            "beginAtZero": true,
            "stacked": true,
            "ticks": Object {
              "stepSize": 60,
            },
            "title": Object {
              "display": true,
              "text": "Duration, seconds",
            },
          },
          "y": Object {
            "stacked": true,
          },
        },
      },
      "plugins": Array [
        Object {
          "afterDatasetsDraw": [Function],
          "id": "valueLabels",
        },
      ],
      "type": "bar",
    },
    "name": "feature-duration-status",
    "size": Object {
      "height": 640,
      "pixelRatio": 2,
      "width": 1280,
    },
  },
]
`;
