// Jest Snapshot v1, https://goo.gl/fbAQLP

exports[`chart-config builds deterministic cluster chart configs 1`] = `
Array [
  Object {
    "config": Object {
      "data": Object {
        "datasets": Array [
          Object {
            "backgroundColor": "#3fb950",
            "data": Array [
              0,
              55,
              0,
            ],
            "label": "passed",
          },
          Object {
            "backgroundColor": "#f85149",
            "data": Array [
              0,
              301,
              0,
            ],
            "label": "failed",
          },
          Object {
            "backgroundColor": "#d29922",
            "data": Array [
              601,
              0,
              0,
            ],
            "label": "errors",
          },
          Object {
            "backgroundColor": "#8b949e",
            "data": Array [
              0,
              0,
              60,
            ],
            "label": "skipped",
          },
        ],
        "labels": Array [
          "Network",
          "VM",
          "Disk",
        ],
      },
      "options": Object {
        "animation": false,
        "indexAxis": "y",
        "plugins": Object {
          "legend": Object {
            "display": true,
          },
          "title": Object {
            "display": true,
            "text": "Overall durations for Describes",
          },
          "valueLabels": Object {
            "formatter": [Function],
          },
        },
        "responsive": false,
        "scales": Object {
          "x": Object {
            "beginAtZero": true,
            "stacked": true,
            "title": Object {
              "display": true,
              "text": "Duration, seconds",
            },
          },
          "y": Object {
            "stacked": true,
          },
        },
      },
      "plugins": Array [
        Object {
          "afterDatasetsDraw": [Function],
          "id": "valueLabels",
        },
      ],
      "type": "bar",
    },
    "name": "feature-duration-status",
  },
  Object {
    "config": Object {
      "data": Object {
        "datasets": Array [
          Object {
            "backgroundColor": Array [
              "#a371f7",
              "#a371f7",
              "#58a6ff",
              "#76e3ea",
              "#76e3ea",
            ],
            "borderColor": Array [
              "#d29922",
              "#f85149",
              "transparent",
              "transparent",
              "transparent",
            ],
            "borderWidth": Array [
              3,
              3,
              0,
              0,
              0,
            ],
            "data": Array [
              601,
              301,
              60,
              45,
              10,
            ],
            "label": "Duration, seconds",
            "states": Array [
              "errors",
              "failed",
              "skipped",
              "passed",
              "passed",
            ],
          },
        ],
        "labels": Array [
          "Network / error",
          "VM / slow fail",
          "Disk / medium skip",
          "VM / passing peer",
          "VM / fast pass",
        ],
      },
      "options": Object {
        "animation": false,
        "indexAxis": "y",
        "layout": Object {
          "padding": Object {
            "bottom": 8,
            "top": 16,
          },
        },
        "plugins": Object {
          "legend": Object {
            "display": true,
            "labels": Object {
              "generateLabels": [Function],
            },
          },
          "title": Object {
            "display": true,
            "text": "Top slowest successful specs and failed specs (It/Entry)",
          },
          "valueLabels": Object {
            "formatter": [Function],
          },
        },
        "responsive": false,
        "scales": Object {
          "x": Object {
            "beginAtZero": true,
            "ticks": Object {
              "stepSize": 60,
            },
            "title": Object {
              "display": true,
              "text": "Duration, seconds",
            },
          },
        },
      },
      "plugins": Array [
        Object {
          "afterDatasetsDraw": [Function],
          "id": "valueLabels",
        },
      ],
      "type": "bar",
    },
    "name": "slowest-specs",
    "size": Object {
      "height": 720,
      "width": 1920,
    },
  },
  Object {
    "config": Object {
      "data": Object {
        "datasets": Array [
          Object {
            "backgroundColor": "#3fb950",
            "barPercentage": 0.5,
            "categoryPercentage": 0.6,
            "data": Array [
              0,
              0,
              2,
            ],
            "label": "passed",
          },
          Object {
            "backgroundColor": "#f85149",
            "barPercentage": 0.5,
            "categoryPercentage": 0.6,
            "data": Array [
              1,
              0,
              0,
            ],
            "label": "failed",
          },
          Object {
            "backgroundColor": "#d29922",
            "barPercentage": 0.5,
            "categoryPercentage": 0.6,
            "data": Array [
              1,
              0,
              0,
            ],
            "label": "errors",
          },
          Object {
            "backgroundColor": "#8b949e",
            "barPercentage": 0.5,
            "categoryPercentage": 0.6,
            "data": Array [
              0,
              1,
              0,
            ],
            "label": "skipped",
          },
        ],
        "labels": Array [
          "Slow >300s",
          "Medium 60-300s",
          "Fast <60s",
        ],
      },
      "options": Object {
        "animation": false,
        "indexAxis": "y",
        "plugins": Object {
          "legend": Object {
            "display": true,
          },
          "title": Object {
            "display": true,
            "text": "It/Entry duration buckets by status",
          },
          "valueLabels": Object {
            "formatter": [Function],
          },
        },
        "responsive": false,
        "scales": Object {
          "x": Object {
            "beginAtZero": true,
            "stacked": true,
            "ticks": Object {
              "precision": 0,
            },
            "title": Object {
              "display": true,
              "text": "Specs",
            },
          },
          "y": Object {
            "stacked": true,
          },
        },
      },
      "plugins": Array [
        Object {
          "afterDatasetsDraw": [Function],
          "id": "valueLabels",
        },
      ],
      "type": "bar",
    },
    "name": "duration-buckets",
  },
]
`;
